Authentication successful for user1@domain1.com
User: user1
Domain: domain1.com
Alias: alias1
Username: user1@domain1.com
