Authentication successful for user1@domain1.com
User: user1
Domain: domain1.com
Username: user1@domain1.com
