Authentication successful for user2@domain1.com
User: user2
Domain: domain1.com
Username: user2@domain1.com
